What is your name? How many hours did you work this week? What is your hourly payrate? 
Hello Mike
Your gross pay is $530.000000
